// Jest Snapshot v1, https://goo.gl/fbAQLP

exports[`Cart Component matches snapshot 1`] = `
<DocumentFragment>
  <div
    class="sc-43efcc98-0 cEqqeg"
  >
    <div
      class="sc-c77c5486-0 gRkaAU"
      draggable="false"
    >
      <div
        class="sc-c77c5486-1 iDpoqc"
      >
        <span>
          Shopping bag
        </span>
      </div>
      <div
        class="sc-c77c5486-2 eTCBvC"
      >
        <div
          class="sc-aaf8b9d0-0 fMEWVM"
        >
          <img
            alt="Remove from cart"
            class="sc-aaf8b9d0-6 dpuVbM"
            src="/assets/icons/remove.png"
          />
          <img
            alt="Add to favorites"
            class="sc-aaf8b9d0-6 dpuVbM"
            src="/assets/icons/out.png"
          />
          <img
            alt="cerulean"
            class="sc-aaf8b9d0-1 danQxr"
            src="/assets/icons/shopping-bag.png"
          />
          <div
            class="sc-aaf8b9d0-2 klFPLU"
          >
            <span
              class="sc-aaf8b9d0-3 gGrpGp"
            >
              cerulean
            </span>
            <p
              class="sc-aaf8b9d0-4"
            >
              <span
                class="sc-aaf8b9d0-5 imhxSB"
              >
                Year:
              </span>
               2000
            </p>
            <p
              class="sc-aaf8b9d0-4"
            >
              <span
                class="sc-aaf8b9d0-5 imhxSB"
              >
                Pantone:
              </span>
               15-4020
            </p>
          </div>
          <button
            class="sc-aaf8b9d0-7 cAoJar"
          >
            -
          </button>
          1
          <button
            class="sc-aaf8b9d0-7 cAoJar"
          >
            +
          </button>
        </div>
        <div
          class="sc-aaf8b9d0-0 fMEWVM"
        >
          <img
            alt="Remove from cart"
            class="sc-aaf8b9d0-6 dpuVbM"
            src="/assets/icons/remove.png"
          />
          <img
            alt="Add to favorites"
            class="sc-aaf8b9d0-6 dpuVbM"
            src="/assets/icons/out.png"
          />
          <img
            alt="fuchsia rose"
            class="sc-aaf8b9d0-1 danQxr"
            src="/assets/icons/shopping-bag.png"
          />
          <div
            class="sc-aaf8b9d0-2 klFPLU"
          >
            <span
              class="sc-aaf8b9d0-3 gGrpGp"
            >
              fuchsia rose
            </span>
            <p
              class="sc-aaf8b9d0-4"
            >
              <span
                class="sc-aaf8b9d0-5 imhxSB"
              >
                Year:
              </span>
               2001
            </p>
            <p
              class="sc-aaf8b9d0-4"
            >
              <span
                class="sc-aaf8b9d0-5 imhxSB"
              >
                Pantone:
              </span>
               17-2031
            </p>
          </div>
          <button
            class="sc-aaf8b9d0-7 cAoJar"
          >
            -
          </button>
          1
          <button
            class="sc-aaf8b9d0-7 cAoJar"
          >
            +
          </button>
        </div>
      </div>
    </div>
  </div>
</DocumentFragment>
`;
