// Jest Snapshot v1, https://goo.gl/fbAQLP

exports[`Cart Component matches snapshot 1`] = `
<DocumentFragment>
  <div
    class="sc-ebf233ff-0 cSFOky"
  >
    <div
      class="sc-ebf233ff-1 kGXRWM"
    >
      <img
        alt="cerulean"
        class="sc-ebf233ff-2 ffgBwu"
        src="/assets/icons/shopping-bag.png"
      />
      <div
        class="sc-ebf233ff-3 fqKFUT"
      >
        <span
          class="sc-ebf233ff-4 eSCPjq"
        >
          CERULEAN
        </span>
        <p
          class="sc-ebf233ff-5 furSap"
        >
          <span
            style="font-weight: bold;"
          >
            Year:
          </span>
           2000
        </p>
        <p
          class="sc-ebf233ff-5 furSap"
        >
          <span
            style="font-weight: bold;"
          >
            Pantone:
          </span>
           15-4020
        </p>
      </div>
    </div>
    <div
      class="sc-ebf233ff-1 kGXRWM"
    >
      <img
        alt="fuchsia rose"
        class="sc-ebf233ff-2 ffgBwu"
        src="/assets/icons/shopping-bag.png"
      />
      <div
        class="sc-ebf233ff-3 fqKFUT"
      >
        <span
          class="sc-ebf233ff-4 eSCPjq"
        >
          FUCHSIA ROSE
        </span>
        <p
          class="sc-ebf233ff-5 furSap"
        >
          <span
            style="font-weight: bold;"
          >
            Year:
          </span>
           2001
        </p>
        <p
          class="sc-ebf233ff-5 furSap"
        >
          <span
            style="font-weight: bold;"
          >
            Pantone:
          </span>
           17-2031
        </p>
      </div>
    </div>
  </div>
</DocumentFragment>
`;
