// Jest Snapshot v1, https://goo.gl/fbAQLP

exports[`Menu Component matches snapshot 1`] = `
<DocumentFragment>
  <div
    class="sc-fd718eda-0"
  >
    <div
      class="sc-f151d49-0 kKiPHK"
    >
      Products
    </div>
    <div
      class="sc-fd718eda-1 hLCJwl"
    >
      <a
        data-testid="product-list-page"
        href="/products/list"
      >
        <div
          class="sc-f151d49-0 kKiPHK"
        >
          List
        </div>
      </a>
    </div>
    <div
      class="sc-fd718eda-1 hLCJwl"
    >
      <a
        data-testid="cart-page"
        href="/cart"
      >
        <div
          class="sc-f151d49-0 kKiPHK"
        >
          Cart
        </div>
      </a>
    </div>
  </div>
</DocumentFragment>
`;
