// Jest Snapshot v1, https://goo.gl/fbAQLP

exports[`Menu Component matches snapshot 1`] = `
<DocumentFragment>
  <div
    class="sc-9101dc7-1 jBNtAt"
  >
    <div
      class="sc-9101dc7-0 elFxUS"
    >
      Opciones
    </div>
    <div
      class="sc-9101dc7-2"
    >
      <div
        class="sc-3a724431-0 iQabbx"
      >
        <a
          data-testid="product-list-page"
          href="/Products/List"
        >
          Products
        </a>
      </div>
    </div>
    <div
      class="sc-9101dc7-2"
    >
      <div
        class="sc-3a724431-0 iQabbx"
      >
        <a
          data-testid="cart-page"
          href="/Cart"
        >
          Cart
        </a>
      </div>
    </div>
  </div>
</DocumentFragment>
`;
