// Jest Snapshot v1, https://goo.gl/fbAQLP

exports[`NameFilter Component matches snapshot 1`] = `
<DocumentFragment>
  <div
    class="sc-c77c5486-0 gRkaAU"
    draggable="false"
  >
    <div
      class="sc-c77c5486-1 iDpoqc"
    >
      <span>
        Nombre
      </span>
    </div>
    <div
      class="sc-c77c5486-2 eTCBvC"
    >
      <input
        class="sc-93af5939-0 bHotKZ"
        placeholder="Product name"
        type="text"
      />
    </div>
  </div>
</DocumentFragment>
`;
