// Jest Snapshot v1, https://goo.gl/fbAQLP

exports[`Toolbar Component matches snapshot 1`] = `
<DocumentFragment>
  <header
    class="sc-ece30d93-0 hPavrx"
  >
    <h1
      class="sc-ece30d93-1 dQbGoR"
    >
      My Personal Dashboard
    </h1>
    <a
      data-testid="go-to-cart"
      href="/Cart"
    >
      <div
        class="sc-ece30d93-2 ejPOtw"
      >
        <img
          alt="Cart Icon"
          class="sc-ece30d93-3 cwysBr"
          src="/assets/icons/shopping-bag.png"
        />
        <div
          class="sc-ece30d93-4 ekOwio"
        >
          0
        </div>
      </div>
    </a>
  </header>
</DocumentFragment>
`;
